###############################################################################
#
# IAR ELF Linker V8.40.1.212/W32 for ARM                  12/Dec/2020  19:16:38
# Copyright 2007-2019 IAR Systems AB.
#
#    Output file  =
#        C:\Users\sarah\Desktop\repos\embsys310\Class 8 -
#        Assignment07\HWQ1\Debug\Exe\blink.out
#    Map file     =
#        C:\Users\sarah\Desktop\repos\embsys310\Class 8 -
#        Assignment07\HWQ1\Debug\List\blink.map
#    Command line =
#        -f C:\Users\sarah\AppData\Local\Temp\EW643F.tmp
#        ("C:\Users\sarah\Desktop\repos\embsys310\Class 8 -
#        Assignment07\HWQ1\Debug\Obj\delay.o"
#        "C:\Users\sarah\Desktop\repos\embsys310\Class 8 -
#        Assignment07\HWQ1\Debug\Obj\main.o"
#        "C:\Users\sarah\Desktop\repos\embsys310\Class 8 -
#        Assignment07\HWQ1\Debug\Obj\startup_stm32l475xx.o" --no_out_extension
#        -o "C:\Users\sarah\Desktop\repos\embsys310\Class 8 -
#        Assignment07\HWQ1\Debug\Exe\blink.out" --redirect
#        _Printf=_PrintfFullNoMb --redirect _Scanf=_ScanfFullNoMb --map
#        "C:\Users\sarah\Desktop\repos\embsys310\Class 8 -
#        Assignment07\HWQ1\Debug\List\blink.map" --config
#        "C:\Users\sarah\Desktop\repos\embsys310\Class 8 -
#        Assignment07\HWQ1\blink.icf" --semihosting --entry __iar_program_start
#        --vfe --text_out locale)
#
###############################################################################

*******************************************************************************
*** RUNTIME MODEL ATTRIBUTES
***

CppFlavor       = *
__SystemLibrary = DLib
__dlib_version  = 6


*******************************************************************************
*** HEAP SELECTION
***

The basic heap was selected because some modules are built with
size limitations (and not runtime checking), and --advanced_heap
was not specified.


*******************************************************************************
*** PLACEMENT SUMMARY
***

"A0":  place at address 0x800'0000 { ro section .intvec };
"P1":  place in [from 0x0 to 0x0] |
                [from 0x800'0000 to 0x80f'ffff] { ro };
define block CSTACK with size = 8264, alignment = 8 { };
define block PROC_STACK with size = 0, alignment = 8 { };
define block HEAP with size = 8K, alignment = 8 { };
"P3":  place in [from 0x2000'0000 to 0x2001'7fff] {
          rw, block CSTACK, block PROC_STACK, block HEAP };

No sections matched the following patterns:

  ro section application_specific_ro  in "P2|P5"
  rw section application_specific_rw  in "P2|P5"
  section .textrw                     in "P4"


  Section          Kind         Address    Size  Object
  -------          ----         -------    ----  ------
"A0":                                      0x40
  .intvec          const     0x800'0000    0x40  startup_stm32l475xx.o [1]
                           - 0x800'0040    0x40

"P1":                                     0x1a8
  .text            ro code   0x800'0040    0x84  main.o [1]
  .text            ro code   0x800'00c4    0x10  delay.o [1]
  .text            ro code   0x800'00d4    0x3a  zero_init3.o [4]
  .text            ro code   0x800'010e    0x2e  startup_stm32l475xx.o [1]
  .text            ro code   0x800'013c    0x28  data_init.o [4]
  .text            ro code   0x800'0164    0x22  fpinit_M.o [3]
  .iar.init_table  const     0x800'0188    0x10  - Linker created -
  .text            ro code   0x800'0198    0x1e  cmain.o [4]
  .text            ro code   0x800'01b6     0x4  exit.o [2]
  .text            ro code   0x800'01bc     0xa  cexit.o [4]
  .text            ro code   0x800'01c8    0x14  exit.o [5]
  .text            ro code   0x800'01dc     0xc  cstartup_M.o [4]
  .rodata          const     0x800'01e8     0x0  zero_init3.o [4]
                           - 0x800'01e8   0x1a8

"P3", part 1 of 2:                          0x4
  .bss             zero     0x2000'0000     0x4  main.o [1]
                          - 0x2000'0004     0x4

"P3", part 2 of 2:                       0x2048
  CSTACK                    0x2000'0008  0x2048  <Block>
    CSTACK         uninit   0x2000'0008  0x2048  <Block tail>
                          - 0x2000'2050  0x2048

Unused ranges:

         From           To      Size
         ----           --      ----
          0x0          0x0       0x1
   0x800'01e8   0x80f'ffff  0xf'fe18
  0x2000'0004  0x2000'0007       0x4
  0x2000'2050  0x2001'7fff  0x1'5fb0


*******************************************************************************
*** INIT TABLE
***

          Address      Size
          -------      ----
Zero (__iar_zero_init3)
    1 destination range, total size 0x4:
          0x2000'0000   0x4



*******************************************************************************
*** MODULE SUMMARY
***

    Module                 ro code  ro data  rw data
    ------                 -------  -------  -------
command line/config:
    ------------------------------------------------
    Total:

C:\Users\sarah\Desktop\repos\embsys310\Class 8 - Assignment07\HWQ1\Debug\Obj: [1]
    delay.o                     16
    main.o                     132                 4
    startup_stm32l475xx.o       46       64
    ------------------------------------------------
    Total:                     194       64        4

dl7M_tln.a: [2]
    exit.o                       4
    ------------------------------------------------
    Total:                       4

m7M_tls.a: [3]
    fpinit_M.o                  34
    ------------------------------------------------
    Total:                      34

rt7M_tl.a: [4]
    cexit.o                     10
    cmain.o                     30
    cstartup_M.o                12
    data_init.o                 40
    zero_init3.o                58
    ------------------------------------------------
    Total:                     150

shb_l.a: [5]
    exit.o                      20
    ------------------------------------------------
    Total:                      20

    Gaps                         4        2
    Linker created                       16    8'264
----------------------------------------------------
    Grand Total:               406       82    8'268


*******************************************************************************
*** ENTRY LIST
***

Entry                       Address  Size  Type      Object
-----                       -------  ----  ----      ------
.iar.init_table$$Base    0x800'0188         --   Gb  - Linker created -
.iar.init_table$$Limit   0x800'0198         --   Gb  - Linker created -
?main                    0x800'0199        Code  Gb  cmain.o [4]
BusFault_Handler         0x800'0129   0x8  Code  Gb  startup_stm32l475xx.o [1]
CSTACK$$Base            0x2000'0008         --   Gb  - Linker created -
CSTACK$$Limit           0x2000'2050         --   Gb  - Linker created -
HardFault_Handler        0x800'0119   0x8  Code  Gb  startup_stm32l475xx.o [1]
MemManage_Handler        0x800'0121   0x8  Code  Gb  startup_stm32l475xx.o [1]
NMI_Handler              0x800'0111   0x8  Code  Gb  startup_stm32l475xx.o [1]
Region$$Table$$Base      0x800'0188         --   Gb  - Linker created -
Region$$Table$$Limit     0x800'0198         --   Gb  - Linker created -
SysTick_Handler          0x800'009f   0xe  Code  Gb  main.o [1]
SysTick_Initialize       0x800'0089  0x16  Code  Gb  main.o [1]
Unused_Handler           0x800'010f   0x2  Code  Gb  startup_stm32l475xx.o [1]
UsageFault_Handler       0x800'0131   0x8  Code  Gb  startup_stm32l475xx.o [1]
__cmain                  0x800'0199        Code  Gb  cmain.o [4]
__exit                   0x800'01c9  0x14  Code  Gb  exit.o [5]
__iar_data_init3         0x800'013d  0x28  Code  Gb  data_init.o [4]
__iar_init_vfp           0x800'0165        Code  Gb  fpinit_M.o [3]
__iar_program_start      0x800'01dd        Code  Gb  cstartup_M.o [4]
__iar_zero_init3         0x800'00d5  0x3a  Code  Gb  zero_init3.o [4]
__low_level_init         0x800'0139   0x4  Code  Gb  startup_stm32l475xx.o [1]
__vector_table           0x800'0000  0x40  Data  Gb  startup_stm32l475xx.o [1]
_call_main               0x800'01a5        Code  Gb  cmain.o [4]
_exit                    0x800'01bd        Code  Gb  cexit.o [4]
_main                    0x800'01b3        Code  Gb  cmain.o [4]
counter                 0x2000'0000   0x4  Data  Gb  main.o [1]
delay                    0x800'00c5  0x10  Code  Gb  delay.o [1]
exit                     0x800'01b7   0x4  Code  Gb  exit.o [2]
main                     0x800'0041  0x48  Code  Gb  main.o [1]


[1] = C:\Users\sarah\Desktop\repos\embsys310\Class 8 - Assignment07\HWQ1\Debug\Obj
[2] = dl7M_tln.a
[3] = m7M_tls.a
[4] = rt7M_tl.a
[5] = shb_l.a

    406 bytes of readonly  code memory
     82 bytes of readonly  data memory
  8'268 bytes of readwrite data memory

Errors: none
Warnings: none
